// Jest Snapshot v1, https://goo.gl/fbAQLP

exports[`Componente Diário Deve renderizar adequadamente 1`] = `
<Diario
  date="2016-10-12"
  produtividade="1"
>
  <div
    className="diario c1 "
    data-placement="bottom"
    data-toggle="tooltip"
    title="1 contribuições em 12/10/2016"
  />
</Diario>
`;
