// Jest Snapshot v1, https://goo.gl/fbAQLP

exports[`Componente Mensal Deve renderizar adequadamente 1`] = `
<Mensal
  ano="2016"
  mes="10"
  periodosMes={
    Object {
      "3": Object {
        "2016-10-12": 1,
      },
      "4": Object {
        "2016-10-23": 38,
      },
    }
  }
>
  <div>
    <Semanal
      ano="2016"
      key="2016101"
      mes="10"
      periodosSemana={Object {}}
    >
      <span>
        Hello, Árvore de Livros
      </span>
    </Semanal>
    <Semanal
      ano="2016"
      key="2016102"
      mes="10"
      periodosSemana={Object {}}
    >
      <span>
        Hello, Árvore de Livros
      </span>
    </Semanal>
    <Semanal
      ano="2016"
      key="2016103"
      mes="10"
      periodosSemana={
        Object {
          "2016-10-12": 1,
        }
      }
    >
      <span>
        Hello, Árvore de Livros
      </span>
    </Semanal>
    <Semanal
      ano="2016"
      key="2016104"
      mes="10"
      periodosSemana={
        Object {
          "2016-10-23": 38,
        }
      }
    >
      <span>
        Hello, Árvore de Livros
      </span>
    </Semanal>
    <Semanal
      ano="2016"
      key="2016105"
      mes="10"
      periodosSemana={Object {}}
    >
      <span>
        Hello, Árvore de Livros
      </span>
    </Semanal>
    <Semanal
      ano="2016"
      key="2016106"
      mes="10"
      periodosSemana={Object {}}
    >
      <span>
        Hello, Árvore de Livros
      </span>
    </Semanal>
  </div>
</Mensal>
`;
