// Jest Snapshot v1, https://goo.gl/fbAQLP

exports[`Componente Mensal Deve renderizar adequadamente 1`] = `
<Mensal
  ano="2016"
  periodosMes={
    Object {
      "10": Object {
        "3": Object {
          "2016-10-12": 1,
        },
        "4": Object {
          "2016-10-23": 38,
        },
      },
    }
  }
>
  <span>
    Hello, Árvore de Livros
  </span>
</Mensal>
`;
